I'm sorry, but errors were detected in your script. Please correct the
errors listed below, and try again.


File "game/script.rpy", line 310: end of line expected.
    n "Pega uma arma do velho no armário":
                                         ^

Ren'Py Version: Ren'Py 7.3.5.606
Thu Oct 22 14:33:10 2020
